// Jest Snapshot v1, https://goo.gl/fbAQLP

exports[`<RegistrationForm /> should match snapshot 1`] = `
<div
  className="container"
  style={
    Object {
      "width": 600,
    }
  }
>
  <form>
    <Field
      className="form-control"
      component={[Function]}
      label="Email"
      name="email"
      type="email"
    />
    <Field
      className="form-control"
      component={[Function]}
      label="Password"
      name="password"
      type="password"
    />
    <Field
      className="form-control"
      component={[Function]}
      label="Confirm password"
      name="confirmPassword"
      type="password"
    />
    <div>
      <input
        className="btn btn-block btn-primary"
        disabled={true}
        type="submit"
        value="Register"
      />
    </div>
  </form>
</div>
`;
