// Jest Snapshot v1, https://goo.gl/fbAQLP

exports[`<App /> 1`] = `
<BrowserRouter>
  <div
    className="App"
  >
    <header
      className="App-header"
    >
      <MainMenu />
    </header>
    <main>
      <Route
        component={[Function]}
        exact={true}
        path="/register"
      />
      <Route
        component={[Function]}
        exact={true}
        path="/login"
      />
    </main>
  </div>
</BrowserRouter>
`;
